// Jest Snapshot v1, https://goo.gl/fbAQLP

exports[`Shared primitives Button component should render correctly with a text children 1`] = `
<View
  accessible={true}
  focusable={true}
  onBlur={[Function]}
  onClick={[Function]}
  onFocus={[Function]}
  onResponderGrant={[Function]}
  onResponderMove={[Function]}
  onResponderRelease={[Function]}
  onResponderTerminate={[Function]}
  onResponderTerminationRequest={[Function]}
  onStartShouldSetResponder={[Function]}
>
  <Text>
    Some text
  </Text>
</View>
`;
